======================================================================
  FULL BENCHMARK — 10-Fold Cross-Validation
  Folds: data/manifests/person_folds_52subj.json (person-level)
======================================================================
  Device: cuda
  Seed: 44
  Epochs: 20
  Batch size: 32
  Train windows: 10 epochs, stride 5 (subject-safe)
  Eval protocol: causal, stride 1, last-epoch (unique epochs)
  Class weights: N1=2.0x, REM=2.0x
  Output: results/benchmark_person_level
======================================================================

============================================================
  FOLD 1 — Seed 44
  Train: 74 | Val: 8 | Test: 10
  Test subjects: ['SC4031', 'SC4032', 'SC4321', 'SC4322', 'SC4411', 'SC4412', 'SC4611', 'SC4612', 'SC4651', 'SC4652']
============================================================
  Loading 74 train subjects...
    Train epochs: 185,238
  Loading 8 val subjects...
    Val epochs: 8 subjects, 17,797 epochs
  Loading 10 test subjects...
    Test epochs: 25,497 across 10 subjects
    NOTE [test]: 45 epochs excluded — causal context spans a dropped epoch in 3 subjects (unscoreable under contiguous-context protocol)
  Train windows: 36,793 | Val scored epochs: 17,725 | Test scored epochs: 25,362
  Model parameters: 99,477

  Training for 20 epochs...
  Epoch  1/20 (72.8s): loss=0.8526 acc=0.730 | val_acc=0.860 val_F1=0.688 *best*
  Epoch  2/20 (71.4s): loss=0.5731 acc=0.840 | val_acc=0.893 val_F1=0.756 *best*
  Epoch  3/20 (73.4s): loss=0.4996 acc=0.857 | val_acc=0.893 val_F1=0.758 *best*
  Epoch  4/20 (72.5s): loss=0.4639 acc=0.863 | val_acc=0.892 val_F1=0.759 *best*
  Epoch  5/20 (75.8s): loss=0.4432 acc=0.870 | val_acc=0.882 val_F1=0.746
  Epoch  6/20 (71.5s): loss=0.4221 acc=0.875 | val_acc=0.891 val_F1=0.760 *best*
  Epoch  7/20 (74.0s): loss=0.4036 acc=0.881 | val_acc=0.894 val_F1=0.767 *best*
  Epoch  8/20 (75.1s): loss=0.3871 acc=0.885 | val_acc=0.905 val_F1=0.789 *best*
  Epoch  9/20 (74.7s): loss=0.3730 acc=0.889 | val_acc=0.907 val_F1=0.786
  Epoch 10/20 (78.4s): loss=0.3612 acc=0.894 | val_acc=0.892 val_F1=0.765
  Epoch 11/20 (73.8s): loss=0.3469 acc=0.897 | val_acc=0.911 val_F1=0.794 *best*
  Epoch 12/20 (75.7s): loss=0.3431 acc=0.899 | val_acc=0.907 val_F1=0.792
  Epoch 13/20 (72.9s): loss=0.3278 acc=0.903 | val_acc=0.902 val_F1=0.782
  Epoch 14/20 (75.0s): loss=0.3196 acc=0.904 | val_acc=0.897 val_F1=0.771
  Epoch 15/20 (75.7s): loss=0.3173 acc=0.905 | val_acc=0.903 val_F1=0.781
  Epoch 16/20 (72.2s): loss=0.3092 acc=0.906 | val_acc=0.902 val_F1=0.779
  Early stopping at epoch 16

  TEST RESULTS (Fold 1) — causal unique-epoch protocol:
    Scored epochs: 25,362 (10 subjects)
    Accuracy:  0.8611
    Kappa:     0.7375
    Macro F1:  0.6871
    Weighted F1: 0.8718
    MGm:       0.7440
    Wake : P=0.995 R=0.955 F1=0.974 (n=17165)
    N1   : P=0.349 R=0.599 F1=0.441 (n=1119)
    N2   : P=0.797 R=0.578 F1=0.670 (n=4028)
    N3   : P=0.406 R=0.914 F1=0.562 (n=940)
    REM  : P=0.825 R=0.755 F1=0.788 (n=2110)

  Fold 1 completed in 1290.6s

============================================================
  FOLD 2 — Seed 44
  Train: 75 | Val: 8 | Test: 9
  Test subjects: ['SC4061', 'SC4062', 'SC4131', 'SC4221', 'SC4222', 'SC4501', 'SC4502', 'SC4731', 'SC4732']
============================================================
  Loading 75 train subjects...
    Train epochs: 191,953
  Loading 8 val subjects...
    Val epochs: 8 subjects, 17,797 epochs
  Loading 9 test subjects...
    Test epochs: 18,782 across 9 subjects
    NOTE [test]: 9 epochs excluded — causal context spans a dropped epoch in 1 subjects (unscoreable under contiguous-context protocol)
  Train windows: 38,127 | Val scored epochs: 17,725 | Test scored epochs: 18,692
  Model parameters: 99,477

  Training for 20 epochs...
  Epoch  1/20 (77.4s): loss=0.8421 acc=0.737 | val_acc=0.878 val_F1=0.729 *best*
  Epoch  2/20 (76.2s): loss=0.5790 acc=0.835 | val_acc=0.900 val_F1=0.762 *best*
  Epoch  3/20 (81.6s): loss=0.5230 acc=0.852 | val_acc=0.892 val_F1=0.753
  Epoch  4/20 (82.5s): loss=0.4922 acc=0.860 | val_acc=0.899 val_F1=0.766 *best*
  Epoch  5/20 (78.4s): loss=0.4660 acc=0.866 | val_acc=0.892 val_F1=0.760
  Epoch  6/20 (75.8s): loss=0.4490 acc=0.870 | val_acc=0.892 val_F1=0.760
  Epoch  7/20 (79.9s): loss=0.4355 acc=0.874 | val_acc=0.890 val_F1=0.772 *best*
  Epoch  8/20 (75.1s): loss=0.4163 acc=0.878 | val_acc=0.900 val_F1=0.780 *best*
  Epoch  9/20 (76.2s): loss=0.3982 acc=0.881 | val_acc=0.894 val_F1=0.768
  Epoch 10/20 (77.9s): loss=0.3872 acc=0.883 | val_acc=0.901 val_F1=0.780
  Epoch 11/20 (82.8s): loss=0.3767 acc=0.887 | val_acc=0.895 val_F1=0.771
  Epoch 12/20 (77.4s): loss=0.3685 acc=0.888 | val_acc=0.907 val_F1=0.790 *best*
  Epoch 13/20 (80.3s): loss=0.3590 acc=0.890 | val_acc=0.910 val_F1=0.796 *best*
  Epoch 14/20 (76.5s): loss=0.3501 acc=0.893 | val_acc=0.904 val_F1=0.784
  Epoch 15/20 (80.5s): loss=0.3421 acc=0.894 | val_acc=0.901 val_F1=0.780
  Epoch 16/20 (78.8s): loss=0.3345 acc=0.895 | val_acc=0.908 val_F1=0.793
  Epoch 17/20 (78.1s): loss=0.3307 acc=0.897 | val_acc=0.905 val_F1=0.786
  Epoch 18/20 (77.2s): loss=0.3269 acc=0.897 | val_acc=0.909 val_F1=0.792
  Early stopping at epoch 18

  TEST RESULTS (Fold 2) — causal unique-epoch protocol:
    Scored epochs: 18,692 (9 subjects)
    Accuracy:  0.8804
    Kappa:     0.7624
    Macro F1:  0.7657
    Weighted F1: 0.8909
    MGm:       0.8067
    Wake : P=0.990 R=0.940 F1=0.964 (n=13104)
    N1   : P=0.367 R=0.705 F1=0.483 (n=1059)
    N2   : P=0.864 R=0.674 F1=0.757 (n=2868)
    N3   : P=0.818 R=0.871 F1=0.844 (n=583)
    REM  : P=0.702 R=0.877 F1=0.780 (n=1078)

  Fold 2 completed in 1537.3s

============================================================
  FOLD 3 — Seed 44
  Train: 74 | Val: 8 | Test: 10
  Test subjects: ['SC4051', 'SC4052', 'SC4071', 'SC4072', 'SC4211', 'SC4212', 'SC4441', 'SC4442', 'SC4631', 'SC4632']
============================================================
  Loading 74 train subjects...
    Train epochs: 185,127
  Loading 8 val subjects...
    Val epochs: 8 subjects, 17,797 epochs
  Loading 10 test subjects...
    Test epochs: 25,608 across 10 subjects
    NOTE [test]: 63 epochs excluded — causal context spans a dropped epoch in 2 subjects (unscoreable under contiguous-context protocol)
  Train windows: 36,776 | Val scored epochs: 17,725 | Test scored epochs: 25,455
  Model parameters: 99,477

  Training for 20 epochs...
  Epoch  1/20 (72.2s): loss=0.8569 acc=0.718 | val_acc=0.872 val_F1=0.730 *best*
  Epoch  2/20 (72.0s): loss=0.5958 acc=0.828 | val_acc=0.884 val_F1=0.745 *best*
  Epoch  3/20 (77.4s): loss=0.5292 acc=0.848 | val_acc=0.897 val_F1=0.772 *best*
  Epoch  4/20 (81.2s): loss=0.4933 acc=0.858 | val_acc=0.892 val_F1=0.767
  Epoch  5/20 (82.4s): loss=0.4694 acc=0.864 | val_acc=0.882 val_F1=0.744
  Epoch  6/20 (83.5s): loss=0.4448 acc=0.867 | val_acc=0.884 val_F1=0.742
  Epoch  7/20 (83.3s): loss=0.4308 acc=0.872 | val_acc=0.905 val_F1=0.786 *best*
  Epoch  8/20 (83.9s): loss=0.4137 acc=0.876 | val_acc=0.889 val_F1=0.760
  Epoch  9/20 (77.4s): loss=0.4000 acc=0.879 | val_acc=0.903 val_F1=0.778
  Epoch 10/20 (79.2s): loss=0.3868 acc=0.886 | val_acc=0.895 val_F1=0.769
  Epoch 11/20 (82.8s): loss=0.3746 acc=0.887 | val_acc=0.899 val_F1=0.774
  Epoch 12/20 (78.9s): loss=0.3640 acc=0.889 | val_acc=0.895 val_F1=0.772
  Early stopping at epoch 12

  TEST RESULTS (Fold 3) — causal unique-epoch protocol:
    Scored epochs: 25,455 (10 subjects)
    Accuracy:  0.8998
    Kappa:     0.7990
    Macro F1:  0.7748
    Weighted F1: 0.9127
    MGm:       0.8552
    Wake : P=0.999 R=0.953 F1=0.976 (n=17913)
    N1   : P=0.322 R=0.815 F1=0.462 (n=966)
    N2   : P=0.951 R=0.685 F1=0.796 (n=4322)
    N3   : P=0.628 R=0.928 F1=0.749 (n=975)
    REM  : P=0.858 R=0.927 F1=0.891 (n=1279)

  Fold 3 completed in 1084.2s

============================================================
  FOLD 4 — Seed 44
  Train: 77 | Val: 8 | Test: 7
  Test subjects: ['SC4112', 'SC4161', 'SC4201', 'SC4202', 'SC4511', 'SC4512', 'SC4751']
============================================================
  Loading 77 train subjects...
    Train epochs: 193,242
  Loading 8 val subjects...
    Val epochs: 8 subjects, 17,797 epochs
  Loading 7 test subjects...
    Test epochs: 17,493 across 7 subjects
    NOTE [test]: 45 epochs excluded — causal context spans a dropped epoch in 2 subjects (unscoreable under contiguous-context protocol)
  Train windows: 38,390 | Val scored epochs: 17,725 | Test scored epochs: 17,385
  Model parameters: 99,477

  Training for 20 epochs...
  Epoch  1/20 (75.2s): loss=0.8305 acc=0.735 | val_acc=0.876 val_F1=0.709 *best*
  Epoch  2/20 (76.0s): loss=0.5712 acc=0.840 | val_acc=0.895 val_F1=0.755 *best*
  Epoch  3/20 (77.8s): loss=0.5052 acc=0.856 | val_acc=0.889 val_F1=0.752
  Epoch  4/20 (80.7s): loss=0.4718 acc=0.865 | val_acc=0.895 val_F1=0.768 *best*
  Epoch  5/20 (80.0s): loss=0.4432 acc=0.871 | val_acc=0.885 val_F1=0.750
  Epoch  6/20 (74.8s): loss=0.4233 acc=0.877 | val_acc=0.902 val_F1=0.777 *best*
  Epoch  7/20 (77.1s): loss=0.4059 acc=0.882 | val_acc=0.878 val_F1=0.743
  Epoch  8/20 (78.3s): loss=0.3903 acc=0.884 | val_acc=0.893 val_F1=0.773
  Epoch  9/20 (83.8s): loss=0.3808 acc=0.888 | val_acc=0.897 val_F1=0.773
  Epoch 10/20 (79.8s): loss=0.3654 acc=0.891 | val_acc=0.892 val_F1=0.766
  Epoch 11/20 (79.5s): loss=0.3577 acc=0.894 | val_acc=0.900 val_F1=0.776
  Early stopping at epoch 11

  TEST RESULTS (Fold 4) — causal unique-epoch protocol:
    Scored epochs: 17,385 (7 subjects)
    Accuracy:  0.8870
    Kappa:     0.7661
    Macro F1:  0.7091
    Weighted F1: 0.9067
    MGm:       0.8291
    Wake : P=0.995 R=0.927 F1=0.960 (n=12559)
    N1   : P=0.306 R=0.702 F1=0.427 (n=628)
    N2   : P=0.920 R=0.771 F1=0.839 (n=2913)
    N3   : P=0.295 R=0.954 F1=0.451 (n=283)
    REM  : P=0.928 R=0.818 F1=0.870 (n=1002)

  Fold 4 completed in 1000.0s

============================================================
  FOLD 5 — Seed 44
  Train: 75 | Val: 8 | Test: 9
  Test subjects: ['SC4121', 'SC4122', 'SC4171', 'SC4311', 'SC4312', 'SC4431', 'SC4432', 'SC4741', 'SC4742']
============================================================
  Loading 75 train subjects...
    Train epochs: 186,742
  Loading 8 val subjects...
    Val epochs: 8 subjects, 17,797 epochs
  Loading 9 test subjects...
    Test epochs: 23,993 across 9 subjects
    NOTE [test]: 18 epochs excluded — causal context spans a dropped epoch in 2 subjects (unscoreable under contiguous-context protocol)
  Train windows: 37,087 | Val scored epochs: 17,725 | Test scored epochs: 23,894
  Model parameters: 99,477

  Training for 20 epochs...
  Epoch  1/20 (77.6s): loss=0.8476 acc=0.729 | val_acc=0.872 val_F1=0.718 *best*
  Epoch  2/20 (73.0s): loss=0.5785 acc=0.834 | val_acc=0.887 val_F1=0.740 *best*
  Epoch  3/20 (72.5s): loss=0.5064 acc=0.855 | val_acc=0.894 val_F1=0.769 *best*
  Epoch  4/20 (79.5s): loss=0.4707 acc=0.863 | val_acc=0.897 val_F1=0.775 *best*
  Epoch  5/20 (74.3s): loss=0.4500 acc=0.865 | val_acc=0.904 val_F1=0.786 *best*
  Epoch  6/20 (79.3s): loss=0.4282 acc=0.872 | val_acc=0.911 val_F1=0.796 *best*
  Epoch  7/20 (78.6s): loss=0.4114 acc=0.877 | val_acc=0.906 val_F1=0.782
  Epoch  8/20 (74.3s): loss=0.3935 acc=0.881 | val_acc=0.906 val_F1=0.788
  Epoch  9/20 (80.5s): loss=0.3801 acc=0.884 | val_acc=0.894 val_F1=0.771
  Epoch 10/20 (79.4s): loss=0.3692 acc=0.886 | val_acc=0.892 val_F1=0.768
  Epoch 11/20 (76.2s): loss=0.3573 acc=0.889 | val_acc=0.901 val_F1=0.780
  Early stopping at epoch 11

  TEST RESULTS (Fold 5) — causal unique-epoch protocol:
    Scored epochs: 23,894 (9 subjects)
    Accuracy:  0.8860
    Kappa:     0.7756
    Macro F1:  0.7582
    Weighted F1: 0.9018
    MGm:       0.8073
    Wake : P=0.997 R=0.926 F1=0.960 (n=16851)
    N1   : P=0.272 R=0.695 F1=0.391 (n=889)
    N2   : P=0.848 R=0.775 F1=0.810 (n=3480)
    N3   : P=0.787 R=0.795 F1=0.791 (n=932)
    REM  : P=0.814 R=0.865 F1=0.839 (n=1742)

  Fold 5 completed in 968.9s

============================================================
  FOLD 6 — Seed 44
  Train: 75 | Val: 8 | Test: 9
  Test subjects: ['SC4021', 'SC4022', 'SC4041', 'SC4042', 'SC4241', 'SC4242', 'SC4701', 'SC4702', 'SC4762']
============================================================
  Loading 75 train subjects...
    Train epochs: 186,444
  Loading 8 val subjects...
    Val epochs: 8 subjects, 17,797 epochs
  Loading 9 test subjects...
    Test epochs: 24,291 across 9 subjects
    NOTE [test]: 275 epochs excluded — causal context spans a dropped epoch in 6 subjects (unscoreable under contiguous-context protocol)
  Train windows: 37,081 | Val scored epochs: 17,725 | Test scored epochs: 23,935
  Model parameters: 99,477

  Training for 20 epochs...
  Epoch  1/20 (71.3s): loss=0.8434 acc=0.734 | val_acc=0.885 val_F1=0.737 *best*
  Epoch  2/20 (73.7s): loss=0.5736 acc=0.837 | val_acc=0.896 val_F1=0.772 *best*
  Epoch  3/20 (78.8s): loss=0.5097 acc=0.851 | val_acc=0.884 val_F1=0.756
  Epoch  4/20 (81.3s): loss=0.4717 acc=0.862 | val_acc=0.881 val_F1=0.741
  Epoch  5/20 (84.2s): loss=0.4525 acc=0.868 | val_acc=0.900 val_F1=0.775 *best*
  Epoch  6/20 (79.5s): loss=0.4296 acc=0.873 | val_acc=0.905 val_F1=0.789 *best*
  Epoch  7/20 (75.2s): loss=0.4126 acc=0.878 | val_acc=0.904 val_F1=0.788
  Epoch  8/20 (76.2s): loss=0.3989 acc=0.883 | val_acc=0.904 val_F1=0.788
  Epoch  9/20 (75.2s): loss=0.3824 acc=0.888 | val_acc=0.908 val_F1=0.792 *best*
  Epoch 10/20 (80.9s): loss=0.3716 acc=0.890 | val_acc=0.903 val_F1=0.779
  Epoch 11/20 (79.6s): loss=0.3566 acc=0.893 | val_acc=0.900 val_F1=0.774
  Epoch 12/20 (77.4s): loss=0.3474 acc=0.896 | val_acc=0.900 val_F1=0.777
  Epoch 13/20 (78.2s): loss=0.3382 acc=0.897 | val_acc=0.895 val_F1=0.765
  Epoch 14/20 (78.7s): loss=0.3280 acc=0.901 | val_acc=0.910 val_F1=0.791
  Early stopping at epoch 14

  TEST RESULTS (Fold 6) — causal unique-epoch protocol:
    Scored epochs: 23,935 (9 subjects)
    Accuracy:  0.8623
    Kappa:     0.7439
    Macro F1:  0.6899
    Weighted F1: 0.8755
    MGm:       0.7935
    Wake : P=0.999 R=0.944 F1=0.971 (n=16070)
    N1   : P=0.375 R=0.718 F1=0.493 (n=1261)
    N2   : P=0.925 R=0.616 F1=0.739 (n=4492)
    N3   : P=0.385 R=0.907 F1=0.541 (n=474)
    REM  : P=0.613 R=0.830 F1=0.706 (n=1638)

  Fold 6 completed in 1221.6s

============================================================
  FOLD 7 — Seed 44
  Train: 75 | Val: 8 | Test: 9
  Test subjects: ['SC4091', 'SC4092', 'SC4151', 'SC4152', 'SC4231', 'SC4621', 'SC4622', 'SC4661', 'SC4662']
============================================================
  Loading 75 train subjects...
    Train epochs: 187,472
  Loading 8 val subjects...
    Val epochs: 8 subjects, 17,797 epochs
  Loading 9 test subjects...
    Test epochs: 23,263 across 9 subjects
    NOTE [test]: 307 epochs excluded — causal context spans a dropped epoch in 5 subjects (unscoreable under contiguous-context protocol)
  Train windows: 37,293 | Val scored epochs: 17,725 | Test scored epochs: 22,875
  Model parameters: 99,477

  Training for 20 epochs...
  Epoch  1/20 (73.9s): loss=0.8571 acc=0.732 | val_acc=0.867 val_F1=0.702 *best*
  Epoch  2/20 (72.1s): loss=0.5823 acc=0.838 | val_acc=0.888 val_F1=0.746 *best*
  Epoch  3/20 (77.8s): loss=0.5169 acc=0.852 | val_acc=0.887 val_F1=0.746
  Epoch  4/20 (75.3s): loss=0.4778 acc=0.861 | val_acc=0.894 val_F1=0.764 *best*
  Epoch  5/20 (79.2s): loss=0.4565 acc=0.865 | val_acc=0.902 val_F1=0.778 *best*
  Epoch  6/20 (84.4s): loss=0.4371 acc=0.872 | val_acc=0.893 val_F1=0.768
  Epoch  7/20 (77.5s): loss=0.4154 acc=0.879 | val_acc=0.887 val_F1=0.753
  Epoch  8/20 (80.1s): loss=0.4008 acc=0.882 | val_acc=0.902 val_F1=0.775
  Epoch  9/20 (85.2s): loss=0.3852 acc=0.886 | val_acc=0.907 val_F1=0.794 *best*
  Epoch 10/20 (77.7s): loss=0.3753 acc=0.889 | val_acc=0.899 val_F1=0.776
  Epoch 11/20 (84.0s): loss=0.3595 acc=0.891 | val_acc=0.895 val_F1=0.769
  Epoch 12/20 (77.1s): loss=0.3497 acc=0.894 | val_acc=0.902 val_F1=0.781
  Epoch 13/20 (79.3s): loss=0.3410 acc=0.896 | val_acc=0.906 val_F1=0.786
  Epoch 14/20 (84.1s): loss=0.3336 acc=0.899 | val_acc=0.901 val_F1=0.779
  Early stopping at epoch 14

  TEST RESULTS (Fold 7) — causal unique-epoch protocol:
    Scored epochs: 22,875 (9 subjects)
    Accuracy:  0.8733
    Kappa:     0.7771
    Macro F1:  0.7587
    Weighted F1: 0.8849
    MGm:       0.8194
    Wake : P=0.999 R=0.935 F1=0.966 (n=14750)
    N1   : P=0.413 R=0.735 F1=0.529 (n=1522)
    N2   : P=0.869 R=0.731 F1=0.794 (n=4142)
    N3   : P=0.550 R=0.954 F1=0.698 (n=778)
    REM  : P=0.846 R=0.772 F1=0.807 (n=1683)

  Fold 7 completed in 1246.6s

============================================================
  FOLD 8 — Seed 44
  Train: 76 | Val: 8 | Test: 8
  Test subjects: ['SC4001', 'SC4002', 'SC4101', 'SC4102', 'SC4401', 'SC4402', 'SC4601', 'SC4602']
============================================================
  Loading 76 train subjects...
    Train epochs: 189,632
  Loading 8 val subjects...
    Val epochs: 8 subjects, 17,797 epochs
  Loading 8 test subjects...
    Test epochs: 21,103 across 8 subjects
    NOTE [test]: 27 epochs excluded — causal context spans a dropped epoch in 3 subjects (unscoreable under contiguous-context protocol)
  Train windows: 37,665 | Val scored epochs: 17,725 | Test scored epochs: 21,004
  Model parameters: 99,477

  Training for 20 epochs...
  Epoch  1/20 (78.9s): loss=0.8384 acc=0.734 | val_acc=0.847 val_F1=0.707 *best*
  Epoch  2/20 (74.5s): loss=0.5646 acc=0.840 | val_acc=0.899 val_F1=0.775 *best*
  Epoch  3/20 (74.0s): loss=0.5098 acc=0.855 | val_acc=0.887 val_F1=0.747
  Epoch  4/20 (78.0s): loss=0.4772 acc=0.864 | val_acc=0.898 val_F1=0.769
  Epoch  5/20 (78.2s): loss=0.4551 acc=0.869 | val_acc=0.901 val_F1=0.775
  Epoch  6/20 (77.5s): loss=0.4339 acc=0.874 | val_acc=0.905 val_F1=0.785 *best*
  Epoch  7/20 (83.6s): loss=0.4184 acc=0.877 | val_acc=0.907 val_F1=0.782
  Epoch  8/20 (87.5s): loss=0.4019 acc=0.879 | val_acc=0.902 val_F1=0.784
  Epoch  9/20 (87.2s): loss=0.3867 acc=0.884 | val_acc=0.905 val_F1=0.780
  Epoch 10/20 (88.9s): loss=0.3742 acc=0.886 | val_acc=0.902 val_F1=0.780
  Epoch 11/20 (89.2s): loss=0.3619 acc=0.889 | val_acc=0.907 val_F1=0.788 *best*
  Epoch 12/20 (81.1s): loss=0.3481 acc=0.892 | val_acc=0.907 val_F1=0.788
  Epoch 13/20 (89.8s): loss=0.3429 acc=0.895 | val_acc=0.906 val_F1=0.784
  Epoch 14/20 (91.8s): loss=0.3340 acc=0.895 | val_acc=0.904 val_F1=0.782
  Epoch 15/20 (77.4s): loss=0.3247 acc=0.898 | val_acc=0.901 val_F1=0.776
  Epoch 16/20 (79.6s): loss=0.3199 acc=0.898 | val_acc=0.909 val_F1=0.790 *best*
  Epoch 17/20 (80.1s): loss=0.3150 acc=0.899 | val_acc=0.903 val_F1=0.779
  Epoch 18/20 (85.2s): loss=0.3137 acc=0.900 | val_acc=0.905 val_F1=0.783
  Epoch 19/20 (88.9s): loss=0.3090 acc=0.902 | val_acc=0.903 val_F1=0.779
  Epoch 20/20 (77.8s): loss=0.3102 acc=0.903 | val_acc=0.907 val_F1=0.786

  TEST RESULTS (Fold 8) — causal unique-epoch protocol:
    Scored epochs: 21,004 (8 subjects)
    Accuracy:  0.8413
    Kappa:     0.7142
    Macro F1:  0.7186
    Weighted F1: 0.8677
    MGm:       0.7917
    Wake : P=0.999 R=0.884 F1=0.938 (n=14340)
    N1   : P=0.211 R=0.706 F1=0.325 (n=807)
    N2   : P=0.864 R=0.665 F1=0.752 (n=3159)
    N3   : P=0.651 R=0.910 F1=0.759 (n=1169)
    REM  : P=0.817 R=0.823 F1=0.820 (n=1529)

  Fold 8 completed in 1776.5s

============================================================
  FOLD 9 — Seed 44
  Train: 77 | Val: 8 | Test: 7
  Test subjects: ['SC4011', 'SC4012', 'SC4191', 'SC4421', 'SC4422', 'SC4641', 'SC4642']
============================================================
  Loading 77 train subjects...
    Train epochs: 193,458
  Loading 8 val subjects...
    Val epochs: 8 subjects, 17,797 epochs
  Loading 7 test subjects...
    Test epochs: 17,277 across 7 subjects
  Train windows: 38,425 | Val scored epochs: 17,725 | Test scored epochs: 17,214
  Model parameters: 99,477

  Training for 20 epochs...
  Epoch  1/20 (75.8s): loss=0.8637 acc=0.732 | val_acc=0.884 val_F1=0.739 *best*
  Epoch  2/20 (78.8s): loss=0.5952 acc=0.834 | val_acc=0.895 val_F1=0.758 *best*
  Epoch  3/20 (77.0s): loss=0.5280 acc=0.850 | val_acc=0.884 val_F1=0.759 *best*
  Epoch  4/20 (80.4s): loss=0.4960 acc=0.856 | val_acc=0.889 val_F1=0.759
  Epoch  5/20 (87.0s): loss=0.4704 acc=0.864 | val_acc=0.898 val_F1=0.776 *best*
  Epoch  6/20 (79.1s): loss=0.4471 acc=0.868 | val_acc=0.896 val_F1=0.765
  Epoch  7/20 (79.0s): loss=0.4306 acc=0.871 | val_acc=0.907 val_F1=0.789 *best*
  Epoch  8/20 (83.1s): loss=0.4150 acc=0.877 | val_acc=0.893 val_F1=0.763
  Epoch  9/20 (82.1s): loss=0.4013 acc=0.879 | val_acc=0.908 val_F1=0.790 *best*
  Epoch 10/20 (88.4s): loss=0.3866 acc=0.884 | val_acc=0.884 val_F1=0.753
  Epoch 11/20 (81.2s): loss=0.3774 acc=0.887 | val_acc=0.903 val_F1=0.782
  Epoch 12/20 (84.7s): loss=0.3665 acc=0.891 | val_acc=0.902 val_F1=0.778
  Epoch 13/20 (88.7s): loss=0.3561 acc=0.892 | val_acc=0.905 val_F1=0.785
  Epoch 14/20 (80.7s): loss=0.3460 acc=0.895 | val_acc=0.911 val_F1=0.796 *best*
  Epoch 15/20 (82.0s): loss=0.3416 acc=0.896 | val_acc=0.907 val_F1=0.786
  Epoch 16/20 (82.3s): loss=0.3356 acc=0.897 | val_acc=0.908 val_F1=0.789
  Epoch 17/20 (83.5s): loss=0.3314 acc=0.899 | val_acc=0.909 val_F1=0.790
  Epoch 18/20 (87.9s): loss=0.3253 acc=0.900 | val_acc=0.908 val_F1=0.792
  Epoch 19/20 (82.0s): loss=0.3278 acc=0.898 | val_acc=0.908 val_F1=0.788
  Early stopping at epoch 19

  TEST RESULTS (Fold 9) — causal unique-epoch protocol:
    Scored epochs: 17,214 (7 subjects)
    Accuracy:  0.9319
    Kappa:     0.8639
    Macro F1:  0.8288
    Weighted F1: 0.9368
    MGm:       0.8722
    Wake : P=1.000 R=0.961 F1=0.980 (n=11943)
    N1   : P=0.491 R=0.775 F1=0.601 (n=694)
    N2   : P=0.923 R=0.866 F1=0.894 (n=3023)
    N3   : P=0.833 R=0.816 F1=0.824 (n=598)
    REM  : P=0.755 R=0.958 F1=0.845 (n=956)

  Fold 9 completed in 1688.3s

============================================================
  FOLD 10 — Seed 44
  Train: 78 | Val: 8 | Test: 6
  Test subjects: ['SC4141', 'SC4251', 'SC4252', 'SC4522', 'SC4711', 'SC4712']
============================================================
  Loading 78 train subjects...
    Train epochs: 197,307
  Loading 8 val subjects...
    Val epochs: 8 subjects, 17,797 epochs
  Loading 6 test subjects...
    Test epochs: 13,428 across 6 subjects
    NOTE [test]: 9 epochs excluded — causal context spans a dropped epoch in 1 subjects (unscoreable under contiguous-context protocol)
  Train windows: 39,193 | Val scored epochs: 17,725 | Test scored epochs: 13,365
  Model parameters: 99,477

  Training for 20 epochs...
  Epoch  1/20 (75.4s): loss=0.8397 acc=0.741 | val_acc=0.877 val_F1=0.740 *best*
  Epoch  2/20 (77.0s): loss=0.5712 acc=0.843 | val_acc=0.880 val_F1=0.726
  Epoch  3/20 (82.2s): loss=0.5097 acc=0.857 | val_acc=0.896 val_F1=0.758 *best*
  Epoch  4/20 (79.0s): loss=0.4732 acc=0.863 | val_acc=0.905 val_F1=0.778 *best*
  Epoch  5/20 (80.0s): loss=0.4470 acc=0.870 | val_acc=0.907 val_F1=0.787 *best*
  Epoch  6/20 (88.2s): loss=0.4311 acc=0.877 | val_acc=0.886 val_F1=0.748
  Epoch  7/20 (81.2s): loss=0.4118 acc=0.881 | val_acc=0.903 val_F1=0.776
  Epoch  8/20 (88.1s): loss=0.4015 acc=0.885 | val_acc=0.889 val_F1=0.759
  Epoch  9/20 (83.3s): loss=0.3858 acc=0.888 | val_acc=0.900 val_F1=0.775
  Epoch 10/20 (81.1s): loss=0.3769 acc=0.890 | val_acc=0.910 val_F1=0.789 *best*
  Epoch 11/20 (83.1s): loss=0.3616 acc=0.896 | val_acc=0.904 val_F1=0.787
  Epoch 12/20 (83.8s): loss=0.3507 acc=0.897 | val_acc=0.900 val_F1=0.772
  Epoch 13/20 (84.6s): loss=0.3421 acc=0.899 | val_acc=0.907 val_F1=0.784
  Epoch 14/20 (84.0s): loss=0.3332 acc=0.901 | val_acc=0.907 val_F1=0.783
  Epoch 15/20 (85.6s): loss=0.3267 acc=0.903 | val_acc=0.903 val_F1=0.776
  Early stopping at epoch 15

  TEST RESULTS (Fold 10) — causal unique-epoch protocol:
    Scored epochs: 13,365 (6 subjects)
    Accuracy:  0.7694
    Kappa:     0.3248
    Macro F1:  0.4973
    Weighted F1: 0.7163
    MGm:       0.3390
    Wake : P=0.775 R=0.989 F1=0.869 (n=9543)
    N1   : P=0.282 R=0.176 F1=0.216 (n=621)
    N2   : P=0.916 R=0.169 F1=0.286 (n=2190)
    N3   : P=0.978 R=0.487 F1=0.650 (n=275)
    REM  : P=0.909 R=0.312 F1=0.465 (n=736)

  Fold 10 completed in 1362.7s

======================================================================
  FINAL RESULTS — Seed 44
======================================================================
  Folds completed: 10/10
  Accuracy:     0.8692 ± 0.0406
  Kappa:        0.7264 ± 0.1392
  Macro F1:     0.7188 ± 0.0846
  Weighted F1:  0.8765 ± 0.0570
  MGm:          0.7658 ± 0.1462

  Per-class F1 (unique-epoch protocol):
    Wake : 0.9558 ± 0.0311
    N1   : 0.4368 ± 0.1024
    N2   : 0.7337 ± 0.1598
    N3   : 0.6869 ± 0.1256
    REM  : 0.7810 ± 0.1162

  Results saved to results/benchmark_person_level/summary_seed44.json
