======================================================================
  FULL BENCHMARK — 10-Fold Cross-Validation
  Folds: data/manifests/person_folds_52subj.json (person-level)
======================================================================
  Device: cuda
  Seed: 42
  Epochs: 20
  Batch size: 32
  Train windows: 10 epochs, stride 5 (subject-safe)
  Eval protocol: causal, stride 1, last-epoch (unique epochs)
  Class weights: N1=2.0x, REM=2.0x
  Output: results/benchmark_person_level
======================================================================

============================================================
  FOLD 1 — Seed 42
  Train: 74 | Val: 8 | Test: 10
  Test subjects: ['SC4031', 'SC4032', 'SC4321', 'SC4322', 'SC4411', 'SC4412', 'SC4611', 'SC4612', 'SC4651', 'SC4652']
============================================================
  Loading 74 train subjects...
    Train epochs: 185,238
  Loading 8 val subjects...
    Val epochs: 8 subjects, 17,797 epochs
  Loading 10 test subjects...
    Test epochs: 25,497 across 10 subjects
    NOTE [test]: 45 epochs excluded — causal context spans a dropped epoch in 3 subjects (unscoreable under contiguous-context protocol)
  Train windows: 36,793 | Val scored epochs: 17,725 | Test scored epochs: 25,362
  Model parameters: 99,477

  Training for 20 epochs...
  Epoch  1/20 (72.2s): loss=0.8494 acc=0.744 | val_acc=0.878 val_F1=0.722 *best*
  Epoch  2/20 (70.7s): loss=0.5591 acc=0.846 | val_acc=0.885 val_F1=0.738 *best*
  Epoch  3/20 (70.1s): loss=0.4950 acc=0.861 | val_acc=0.903 val_F1=0.773 *best*
  Epoch  4/20 (71.6s): loss=0.4563 acc=0.871 | val_acc=0.886 val_F1=0.740
  Epoch  5/20 (71.1s): loss=0.4336 acc=0.877 | val_acc=0.903 val_F1=0.775 *best*
  Epoch  6/20 (71.3s): loss=0.4101 acc=0.880 | val_acc=0.904 val_F1=0.780 *best*
  Epoch  7/20 (73.2s): loss=0.3973 acc=0.886 | val_acc=0.905 val_F1=0.783 *best*
  Epoch  8/20 (71.0s): loss=0.3850 acc=0.887 | val_acc=0.905 val_F1=0.780
  Epoch  9/20 (72.0s): loss=0.3666 acc=0.890 | val_acc=0.895 val_F1=0.769
  Epoch 10/20 (70.4s): loss=0.3582 acc=0.893 | val_acc=0.896 val_F1=0.768
  Epoch 11/20 (70.4s): loss=0.3466 acc=0.897 | val_acc=0.901 val_F1=0.774
  Epoch 12/20 (73.0s): loss=0.3386 acc=0.898 | val_acc=0.900 val_F1=0.767
  Early stopping at epoch 12

  TEST RESULTS (Fold 1) — causal unique-epoch protocol:
    Scored epochs: 25,362 (10 subjects)
    Accuracy:  0.8544
    Kappa:     0.7262
    Macro F1:  0.6806
    Weighted F1: 0.8667
    MGm:       0.7444
    Wake : P=0.997 R=0.955 F1=0.975 (n=17165)
    N1   : P=0.310 R=0.693 F1=0.428 (n=1119)
    N2   : P=0.812 R=0.531 F1=0.642 (n=4028)
    N3   : P=0.437 R=0.903 F1=0.589 (n=940)
    REM  : P=0.822 R=0.721 F1=0.768 (n=2110)

  Fold 1 completed in 966.3s

============================================================
  FOLD 2 — Seed 42
  Train: 75 | Val: 8 | Test: 9
  Test subjects: ['SC4061', 'SC4062', 'SC4131', 'SC4221', 'SC4222', 'SC4501', 'SC4502', 'SC4731', 'SC4732']
============================================================
  Loading 75 train subjects...
    Train epochs: 191,953
  Loading 8 val subjects...
    Val epochs: 8 subjects, 17,797 epochs
  Loading 9 test subjects...
    Test epochs: 18,782 across 9 subjects
    NOTE [test]: 9 epochs excluded — causal context spans a dropped epoch in 1 subjects (unscoreable under contiguous-context protocol)
  Train windows: 38,127 | Val scored epochs: 17,725 | Test scored epochs: 18,692
  Model parameters: 99,477

  Training for 20 epochs...
  Epoch  1/20 (72.3s): loss=0.8574 acc=0.748 | val_acc=0.868 val_F1=0.699 *best*
  Epoch  2/20 (72.6s): loss=0.5876 acc=0.840 | val_acc=0.884 val_F1=0.742 *best*
  Epoch  3/20 (72.3s): loss=0.5236 acc=0.855 | val_acc=0.900 val_F1=0.769 *best*
  Epoch  4/20 (74.9s): loss=0.4762 acc=0.867 | val_acc=0.892 val_F1=0.752
  Epoch  5/20 (75.7s): loss=0.4545 acc=0.874 | val_acc=0.891 val_F1=0.750
  Epoch  6/20 (72.2s): loss=0.4312 acc=0.879 | val_acc=0.910 val_F1=0.792 *best*
  Epoch  7/20 (76.5s): loss=0.4164 acc=0.884 | val_acc=0.896 val_F1=0.761
  Epoch  8/20 (74.6s): loss=0.4034 acc=0.885 | val_acc=0.903 val_F1=0.777
  Epoch  9/20 (72.4s): loss=0.3886 acc=0.890 | val_acc=0.896 val_F1=0.768
  Epoch 10/20 (74.2s): loss=0.3745 acc=0.892 | val_acc=0.898 val_F1=0.772
  Epoch 11/20 (75.0s): loss=0.3638 acc=0.895 | val_acc=0.907 val_F1=0.786
  Early stopping at epoch 11

  TEST RESULTS (Fold 2) — causal unique-epoch protocol:
    Scored epochs: 18,692 (9 subjects)
    Accuracy:  0.8964
    Kappa:     0.7938
    Macro F1:  0.7971
    Weighted F1: 0.9058
    MGm:       0.8311
    Wake : P=0.994 R=0.942 F1=0.968 (n=13104)
    N1   : P=0.399 R=0.714 F1=0.512 (n=1059)
    N2   : P=0.840 R=0.764 F1=0.800 (n=2868)
    N3   : P=0.844 R=0.873 F1=0.858 (n=583)
    REM  : P=0.815 R=0.884 F1=0.848 (n=1078)

  Fold 2 completed in 929.9s

============================================================
  FOLD 3 — Seed 42
  Train: 74 | Val: 8 | Test: 10
  Test subjects: ['SC4051', 'SC4052', 'SC4071', 'SC4072', 'SC4211', 'SC4212', 'SC4441', 'SC4442', 'SC4631', 'SC4632']
============================================================
  Loading 74 train subjects...
    Train epochs: 185,127
  Loading 8 val subjects...
    Val epochs: 8 subjects, 17,797 epochs
  Loading 10 test subjects...
    Test epochs: 25,608 across 10 subjects
    NOTE [test]: 63 epochs excluded — causal context spans a dropped epoch in 2 subjects (unscoreable under contiguous-context protocol)
  Train windows: 36,776 | Val scored epochs: 17,725 | Test scored epochs: 25,455
  Model parameters: 99,477

  Training for 20 epochs...
  Epoch  1/20 (72.5s): loss=0.8760 acc=0.737 | val_acc=0.869 val_F1=0.699 *best*
  Epoch  2/20 (70.2s): loss=0.6084 acc=0.829 | val_acc=0.889 val_F1=0.748 *best*
  Epoch  3/20 (71.7s): loss=0.5385 acc=0.846 | val_acc=0.876 val_F1=0.736
  Epoch  4/20 (73.2s): loss=0.4907 acc=0.859 | val_acc=0.887 val_F1=0.744
  Epoch  5/20 (71.2s): loss=0.4655 acc=0.866 | val_acc=0.886 val_F1=0.758 *best*
  Epoch  6/20 (73.4s): loss=0.4406 acc=0.872 | val_acc=0.885 val_F1=0.746
  Epoch  7/20 (77.1s): loss=0.4223 acc=0.875 | val_acc=0.903 val_F1=0.777 *best*
  Epoch  8/20 (72.2s): loss=0.4061 acc=0.879 | val_acc=0.908 val_F1=0.787 *best*
  Epoch  9/20 (80.2s): loss=0.3863 acc=0.886 | val_acc=0.905 val_F1=0.783
  Epoch 10/20 (75.4s): loss=0.3780 acc=0.888 | val_acc=0.896 val_F1=0.762
  Epoch 11/20 (72.2s): loss=0.3666 acc=0.890 | val_acc=0.907 val_F1=0.783
  Epoch 12/20 (76.9s): loss=0.3530 acc=0.894 | val_acc=0.909 val_F1=0.789 *best*
  Epoch 13/20 (72.4s): loss=0.3445 acc=0.896 | val_acc=0.901 val_F1=0.774
  Epoch 14/20 (72.4s): loss=0.3395 acc=0.897 | val_acc=0.903 val_F1=0.778
  Epoch 15/20 (74.5s): loss=0.3277 acc=0.899 | val_acc=0.901 val_F1=0.774
  Epoch 16/20 (72.9s): loss=0.3252 acc=0.899 | val_acc=0.907 val_F1=0.784
  Epoch 17/20 (77.8s): loss=0.3216 acc=0.901 | val_acc=0.908 val_F1=0.788
  Early stopping at epoch 17

  TEST RESULTS (Fold 3) — causal unique-epoch protocol:
    Scored epochs: 25,455 (10 subjects)
    Accuracy:  0.9104
    Kappa:     0.8179
    Macro F1:  0.7825
    Weighted F1: 0.9194
    MGm:       0.8574
    Wake : P=0.999 R=0.965 F1=0.982 (n=17913)
    N1   : P=0.368 R=0.788 F1=0.502 (n=966)
    N2   : P=0.954 R=0.698 F1=0.806 (n=4322)
    N3   : P=0.621 R=0.934 F1=0.746 (n=975)
    REM  : P=0.826 R=0.934 F1=0.877 (n=1279)

  Fold 3 completed in 1398.0s

============================================================
  FOLD 4 — Seed 42
  Train: 77 | Val: 8 | Test: 7
  Test subjects: ['SC4112', 'SC4161', 'SC4201', 'SC4202', 'SC4511', 'SC4512', 'SC4751']
============================================================
  Loading 77 train subjects...
    Train epochs: 193,242
  Loading 8 val subjects...
    Val epochs: 8 subjects, 17,797 epochs
  Loading 7 test subjects...
    Test epochs: 17,493 across 7 subjects
    NOTE [test]: 45 epochs excluded — causal context spans a dropped epoch in 2 subjects (unscoreable under contiguous-context protocol)
  Train windows: 38,390 | Val scored epochs: 17,725 | Test scored epochs: 17,385
  Model parameters: 99,477

  Training for 20 epochs...
  Epoch  1/20 (77.2s): loss=0.8531 acc=0.741 | val_acc=0.867 val_F1=0.706 *best*
  Epoch  2/20 (80.4s): loss=0.5759 acc=0.842 | val_acc=0.884 val_F1=0.739 *best*
  Epoch  3/20 (78.0s): loss=0.5152 acc=0.853 | val_acc=0.897 val_F1=0.758 *best*
  Epoch  4/20 (85.6s): loss=0.4858 acc=0.861 | val_acc=0.890 val_F1=0.756
  Epoch  5/20 (90.1s): loss=0.4613 acc=0.866 | val_acc=0.890 val_F1=0.751
  Epoch  6/20 (81.4s): loss=0.4438 acc=0.871 | val_acc=0.895 val_F1=0.768 *best*
  Epoch  7/20 (88.0s): loss=0.4226 acc=0.875 | val_acc=0.886 val_F1=0.749
  Epoch  8/20 (71.0s): loss=0.4093 acc=0.879 | val_acc=0.888 val_F1=0.752
  Epoch  9/20 (73.9s): loss=0.3942 acc=0.884 | val_acc=0.893 val_F1=0.764
  Epoch 10/20 (73.0s): loss=0.3799 acc=0.886 | val_acc=0.898 val_F1=0.766
  Epoch 11/20 (75.2s): loss=0.3692 acc=0.887 | val_acc=0.899 val_F1=0.774 *best*
  Epoch 12/20 (73.5s): loss=0.3623 acc=0.890 | val_acc=0.908 val_F1=0.788 *best*
  Epoch 13/20 (73.2s): loss=0.3529 acc=0.892 | val_acc=0.900 val_F1=0.773
  Epoch 14/20 (74.4s): loss=0.3447 acc=0.893 | val_acc=0.904 val_F1=0.783
  Epoch 15/20 (74.3s): loss=0.3352 acc=0.896 | val_acc=0.904 val_F1=0.775
  Epoch 16/20 (73.2s): loss=0.3312 acc=0.898 | val_acc=0.901 val_F1=0.775
  Epoch 17/20 (74.8s): loss=0.3264 acc=0.899 | val_acc=0.905 val_F1=0.783
  Early stopping at epoch 17

  TEST RESULTS (Fold 4) — causal unique-epoch protocol:
    Scored epochs: 17,385 (7 subjects)
    Accuracy:  0.8982
    Kappa:     0.7851
    Macro F1:  0.7319
    Weighted F1: 0.9144
    MGm:       0.8243
    Wake : P=0.994 R=0.945 F1=0.969 (n=12559)
    N1   : P=0.285 R=0.704 F1=0.406 (n=628)
    N2   : P=0.925 R=0.785 F1=0.849 (n=2913)
    N3   : P=0.439 R=0.982 F1=0.607 (n=283)
    REM  : P=0.938 R=0.743 F1=0.829 (n=1002)

  Fold 4 completed in 1457.9s

============================================================
  FOLD 5 — Seed 42
  Train: 75 | Val: 8 | Test: 9
  Test subjects: ['SC4121', 'SC4122', 'SC4171', 'SC4311', 'SC4312', 'SC4431', 'SC4432', 'SC4741', 'SC4742']
============================================================
  Loading 75 train subjects...
    Train epochs: 186,742
  Loading 8 val subjects...
    Val epochs: 8 subjects, 17,797 epochs
  Loading 9 test subjects...
    Test epochs: 23,993 across 9 subjects
    NOTE [test]: 18 epochs excluded — causal context spans a dropped epoch in 2 subjects (unscoreable under contiguous-context protocol)
  Train windows: 37,087 | Val scored epochs: 17,725 | Test scored epochs: 23,894
  Model parameters: 99,477

  Training for 20 epochs...
  Epoch  1/20 (72.3s): loss=0.8567 acc=0.746 | val_acc=0.881 val_F1=0.737 *best*
  Epoch  2/20 (70.6s): loss=0.5836 acc=0.839 | val_acc=0.891 val_F1=0.748 *best*
  Epoch  3/20 (71.7s): loss=0.5105 acc=0.854 | val_acc=0.889 val_F1=0.760 *best*
  Epoch  4/20 (73.0s): loss=0.4716 acc=0.865 | val_acc=0.889 val_F1=0.757
  Epoch  5/20 (77.1s): loss=0.4436 acc=0.872 | val_acc=0.898 val_F1=0.765 *best*
  Epoch  6/20 (79.6s): loss=0.4240 acc=0.878 | val_acc=0.894 val_F1=0.763
  Epoch  7/20 (77.9s): loss=0.4084 acc=0.882 | val_acc=0.895 val_F1=0.760
  Epoch  8/20 (73.9s): loss=0.3895 acc=0.887 | val_acc=0.897 val_F1=0.768 *best*
  Epoch  9/20 (75.9s): loss=0.3778 acc=0.890 | val_acc=0.890 val_F1=0.757
  Epoch 10/20 (76.5s): loss=0.3645 acc=0.893 | val_acc=0.904 val_F1=0.783 *best*
  Epoch 11/20 (73.7s): loss=0.3544 acc=0.894 | val_acc=0.901 val_F1=0.778
  Epoch 12/20 (78.8s): loss=0.3420 acc=0.898 | val_acc=0.908 val_F1=0.787 *best*
  Epoch 13/20 (81.6s): loss=0.3368 acc=0.900 | val_acc=0.896 val_F1=0.771
  Epoch 14/20 (75.6s): loss=0.3282 acc=0.901 | val_acc=0.905 val_F1=0.784
  Epoch 15/20 (73.6s): loss=0.3249 acc=0.903 | val_acc=0.902 val_F1=0.779
  Epoch 16/20 (75.4s): loss=0.3183 acc=0.904 | val_acc=0.905 val_F1=0.783
  Epoch 17/20 (79.2s): loss=0.3125 acc=0.904 | val_acc=0.904 val_F1=0.781
  Early stopping at epoch 17

  TEST RESULTS (Fold 5) — causal unique-epoch protocol:
    Scored epochs: 23,894 (9 subjects)
    Accuracy:  0.8963
    Kappa:     0.7932
    Macro F1:  0.7670
    Weighted F1: 0.9089
    MGm:       0.8180
    Wake : P=0.998 R=0.943 F1=0.970 (n=16851)
    N1   : P=0.306 R=0.713 F1=0.428 (n=889)
    N2   : P=0.855 R=0.753 F1=0.801 (n=3480)
    N3   : P=0.745 R=0.851 F1=0.794 (n=932)
    REM  : P=0.834 R=0.851 F1=0.842 (n=1742)

  Fold 5 completed in 1433.0s

============================================================
  FOLD 6 — Seed 42
  Train: 75 | Val: 8 | Test: 9
  Test subjects: ['SC4021', 'SC4022', 'SC4041', 'SC4042', 'SC4241', 'SC4242', 'SC4701', 'SC4702', 'SC4762']
============================================================
  Loading 75 train subjects...
    Train epochs: 186,444
  Loading 8 val subjects...
    Val epochs: 8 subjects, 17,797 epochs
  Loading 9 test subjects...
    Test epochs: 24,291 across 9 subjects
    NOTE [test]: 275 epochs excluded — causal context spans a dropped epoch in 6 subjects (unscoreable under contiguous-context protocol)
  Train windows: 37,081 | Val scored epochs: 17,725 | Test scored epochs: 23,935
  Model parameters: 99,477

  Training for 20 epochs...
  Epoch  1/20 (72.0s): loss=0.8696 acc=0.745 | val_acc=0.884 val_F1=0.735 *best*
  Epoch  2/20 (72.9s): loss=0.5712 acc=0.843 | val_acc=0.894 val_F1=0.755 *best*
  Epoch  3/20 (75.3s): loss=0.5132 acc=0.856 | val_acc=0.901 val_F1=0.776 *best*
  Epoch  4/20 (78.2s): loss=0.4789 acc=0.865 | val_acc=0.899 val_F1=0.767
  Epoch  5/20 (81.8s): loss=0.4557 acc=0.870 | val_acc=0.901 val_F1=0.778 *best*
  Epoch  6/20 (74.3s): loss=0.4374 acc=0.874 | val_acc=0.889 val_F1=0.748
  Epoch  7/20 (75.9s): loss=0.4220 acc=0.877 | val_acc=0.902 val_F1=0.781 *best*
  Epoch  8/20 (77.5s): loss=0.4080 acc=0.882 | val_acc=0.893 val_F1=0.765
  Epoch  9/20 (81.0s): loss=0.3918 acc=0.883 | val_acc=0.897 val_F1=0.765
  Epoch 10/20 (81.6s): loss=0.3787 acc=0.888 | val_acc=0.893 val_F1=0.769
  Epoch 11/20 (76.1s): loss=0.3687 acc=0.890 | val_acc=0.900 val_F1=0.780
  Epoch 12/20 (75.6s): loss=0.3595 acc=0.892 | val_acc=0.902 val_F1=0.779
  Early stopping at epoch 12

  TEST RESULTS (Fold 6) — causal unique-epoch protocol:
    Scored epochs: 23,935 (9 subjects)
    Accuracy:  0.8518
    Kappa:     0.7279
    Macro F1:  0.6901
    Weighted F1: 0.8689
    MGm:       0.7910
    Wake : P=0.998 R=0.924 F1=0.960 (n=16070)
    N1   : P=0.322 R=0.716 F1=0.444 (n=1261)
    N2   : P=0.886 R=0.636 F1=0.740 (n=4492)
    N3   : P=0.408 R=0.888 F1=0.559 (n=474)
    REM  : P=0.679 R=0.829 F1=0.747 (n=1638)

  Fold 6 completed in 1083.7s

============================================================
  FOLD 7 — Seed 42
  Train: 75 | Val: 8 | Test: 9
  Test subjects: ['SC4091', 'SC4092', 'SC4151', 'SC4152', 'SC4231', 'SC4621', 'SC4622', 'SC4661', 'SC4662']
============================================================
  Loading 75 train subjects...
    Train epochs: 187,472
  Loading 8 val subjects...
    Val epochs: 8 subjects, 17,797 epochs
  Loading 9 test subjects...
    Test epochs: 23,263 across 9 subjects
    NOTE [test]: 307 epochs excluded — causal context spans a dropped epoch in 5 subjects (unscoreable under contiguous-context protocol)
  Train windows: 37,293 | Val scored epochs: 17,725 | Test scored epochs: 22,875
  Model parameters: 99,477

  Training for 20 epochs...
  Epoch  1/20 (75.0s): loss=0.8640 acc=0.748 | val_acc=0.877 val_F1=0.730 *best*
  Epoch  2/20 (73.3s): loss=0.5711 acc=0.845 | val_acc=0.899 val_F1=0.762 *best*
  Epoch  3/20 (75.4s): loss=0.5056 acc=0.859 | val_acc=0.894 val_F1=0.763 *best*
  Epoch  4/20 (78.4s): loss=0.4699 acc=0.869 | val_acc=0.888 val_F1=0.751
  Epoch  5/20 (77.2s): loss=0.4485 acc=0.873 | val_acc=0.899 val_F1=0.769 *best*
  Epoch  6/20 (76.1s): loss=0.4282 acc=0.878 | val_acc=0.890 val_F1=0.761
  Epoch  7/20 (82.2s): loss=0.4075 acc=0.883 | val_acc=0.904 val_F1=0.775 *best*
  Epoch  8/20 (76.9s): loss=0.3943 acc=0.886 | val_acc=0.905 val_F1=0.782 *best*
  Epoch  9/20 (79.0s): loss=0.3835 acc=0.889 | val_acc=0.911 val_F1=0.794 *best*
  Epoch 10/20 (75.7s): loss=0.3649 acc=0.893 | val_acc=0.894 val_F1=0.766
  Epoch 11/20 (79.9s): loss=0.3569 acc=0.894 | val_acc=0.908 val_F1=0.792
  Epoch 12/20 (81.9s): loss=0.3495 acc=0.896 | val_acc=0.906 val_F1=0.788
  Epoch 13/20 (75.0s): loss=0.3366 acc=0.900 | val_acc=0.908 val_F1=0.789
  Epoch 14/20 (75.5s): loss=0.3305 acc=0.901 | val_acc=0.906 val_F1=0.784
  Early stopping at epoch 14

  TEST RESULTS (Fold 7) — causal unique-epoch protocol:
    Scored epochs: 22,875 (9 subjects)
    Accuracy:  0.8753
    Kappa:     0.7803
    Macro F1:  0.7573
    Weighted F1: 0.8854
    MGm:       0.8250
    Wake : P=0.998 R=0.939 F1=0.968 (n=14750)
    N1   : P=0.443 R=0.698 F1=0.542 (n=1522)
    N2   : P=0.870 R=0.706 F1=0.779 (n=4142)
    N3   : P=0.498 R=0.973 F1=0.659 (n=778)
    REM  : P=0.828 R=0.850 F1=0.839 (n=1683)

  Fold 7 completed in 1231.4s

============================================================
  FOLD 8 — Seed 42
  Train: 76 | Val: 8 | Test: 8
  Test subjects: ['SC4001', 'SC4002', 'SC4101', 'SC4102', 'SC4401', 'SC4402', 'SC4601', 'SC4602']
============================================================
  Loading 76 train subjects...
    Train epochs: 189,632
  Loading 8 val subjects...
    Val epochs: 8 subjects, 17,797 epochs
  Loading 8 test subjects...
    Test epochs: 21,103 across 8 subjects
    NOTE [test]: 27 epochs excluded — causal context spans a dropped epoch in 3 subjects (unscoreable under contiguous-context protocol)
  Train windows: 37,665 | Val scored epochs: 17,725 | Test scored epochs: 21,004
  Model parameters: 99,477

  Training for 20 epochs...
  Epoch  1/20 (74.7s): loss=0.8559 acc=0.736 | val_acc=0.886 val_F1=0.736 *best*
  Epoch  2/20 (73.3s): loss=0.5675 acc=0.845 | val_acc=0.866 val_F1=0.715
  Epoch  3/20 (77.5s): loss=0.5054 acc=0.857 | val_acc=0.891 val_F1=0.754 *best*
  Epoch  4/20 (77.4s): loss=0.4659 acc=0.866 | val_acc=0.898 val_F1=0.764 *best*
  Epoch  5/20 (77.2s): loss=0.4449 acc=0.873 | val_acc=0.896 val_F1=0.760
  Epoch  6/20 (80.2s): loss=0.4209 acc=0.880 | val_acc=0.897 val_F1=0.767 *best*
  Epoch  7/20 (76.1s): loss=0.4065 acc=0.881 | val_acc=0.883 val_F1=0.750
  Epoch  8/20 (76.2s): loss=0.3907 acc=0.884 | val_acc=0.900 val_F1=0.775 *best*
  Epoch  9/20 (79.5s): loss=0.3787 acc=0.888 | val_acc=0.904 val_F1=0.785 *best*
  Epoch 10/20 (82.2s): loss=0.3630 acc=0.891 | val_acc=0.911 val_F1=0.796 *best*
  Epoch 11/20 (74.5s): loss=0.3523 acc=0.892 | val_acc=0.903 val_F1=0.782
  Epoch 12/20 (77.7s): loss=0.3442 acc=0.895 | val_acc=0.909 val_F1=0.793
  Epoch 13/20 (82.7s): loss=0.3321 acc=0.897 | val_acc=0.910 val_F1=0.794
  Epoch 14/20 (76.1s): loss=0.3276 acc=0.899 | val_acc=0.909 val_F1=0.791
  Epoch 15/20 (80.2s): loss=0.3225 acc=0.901 | val_acc=0.912 val_F1=0.800 *best*
  Epoch 16/20 (78.0s): loss=0.3126 acc=0.902 | val_acc=0.910 val_F1=0.794
  Epoch 17/20 (76.3s): loss=0.3083 acc=0.903 | val_acc=0.917 val_F1=0.807 *best*
  Epoch 18/20 (79.0s): loss=0.3059 acc=0.904 | val_acc=0.914 val_F1=0.803
  Epoch 19/20 (79.0s): loss=0.3048 acc=0.904 | val_acc=0.914 val_F1=0.801
  Epoch 20/20 (80.5s): loss=0.3027 acc=0.904 | val_acc=0.913 val_F1=0.800

  TEST RESULTS (Fold 8) — causal unique-epoch protocol:
    Scored epochs: 21,004 (8 subjects)
    Accuracy:  0.8729
    Kappa:     0.7641
    Macro F1:  0.7487
    Weighted F1: 0.8896
    MGm:       0.8093
    Wake : P=0.998 R=0.920 F1=0.957 (n=14340)
    N1   : P=0.272 R=0.711 F1=0.393 (n=807)
    N2   : P=0.845 R=0.709 F1=0.771 (n=3159)
    N3   : P=0.693 R=0.863 F1=0.769 (n=1169)
    REM  : P=0.839 R=0.867 F1=0.853 (n=1529)

  Fold 8 completed in 1701.9s

============================================================
  FOLD 9 — Seed 42
  Train: 77 | Val: 8 | Test: 7
  Test subjects: ['SC4011', 'SC4012', 'SC4191', 'SC4421', 'SC4422', 'SC4641', 'SC4642']
============================================================
  Loading 77 train subjects...
    Train epochs: 193,458
  Loading 8 val subjects...
    Val epochs: 8 subjects, 17,797 epochs
  Loading 7 test subjects...
    Test epochs: 17,277 across 7 subjects
  Train windows: 38,425 | Val scored epochs: 17,725 | Test scored epochs: 17,214
  Model parameters: 99,477

  Training for 20 epochs...
  Epoch  1/20 (79.0s): loss=0.8650 acc=0.735 | val_acc=0.879 val_F1=0.715 *best*
  Epoch  2/20 (75.0s): loss=0.5848 acc=0.838 | val_acc=0.897 val_F1=0.769 *best*
  Epoch  3/20 (76.9s): loss=0.5251 acc=0.852 | val_acc=0.898 val_F1=0.759
  Epoch  4/20 (80.9s): loss=0.4904 acc=0.861 | val_acc=0.889 val_F1=0.752
  Epoch  5/20 (78.4s): loss=0.4644 acc=0.868 | val_acc=0.900 val_F1=0.761
  Epoch  6/20 (80.0s): loss=0.4435 acc=0.873 | val_acc=0.904 val_F1=0.782 *best*
  Epoch  7/20 (78.9s): loss=0.4268 acc=0.877 | val_acc=0.901 val_F1=0.766
  Epoch  8/20 (83.5s): loss=0.4098 acc=0.881 | val_acc=0.908 val_F1=0.788 *best*
  Epoch  9/20 (79.8s): loss=0.3993 acc=0.883 | val_acc=0.904 val_F1=0.777
  Epoch 10/20 (79.1s): loss=0.3871 acc=0.886 | val_acc=0.904 val_F1=0.781
  Epoch 11/20 (82.0s): loss=0.3736 acc=0.889 | val_acc=0.896 val_F1=0.758
  Epoch 12/20 (77.4s): loss=0.3649 acc=0.892 | val_acc=0.902 val_F1=0.776
  Epoch 13/20 (79.7s): loss=0.3537 acc=0.894 | val_acc=0.902 val_F1=0.776
  Early stopping at epoch 13

  TEST RESULTS (Fold 9) — causal unique-epoch protocol:
    Scored epochs: 17,214 (7 subjects)
    Accuracy:  0.9212
    Kappa:     0.8439
    Macro F1:  0.8099
    Weighted F1: 0.9278
    MGm:       0.8597
    Wake : P=1.000 R=0.954 F1=0.976 (n=11943)
    N1   : P=0.455 R=0.788 F1=0.577 (n=694)
    N2   : P=0.920 R=0.839 F1=0.877 (n=3023)
    N3   : P=0.842 R=0.768 F1=0.803 (n=598)
    REM  : P=0.704 R=0.971 F1=0.816 (n=956)

  Fold 9 completed in 1177.1s

============================================================
  FOLD 10 — Seed 42
  Train: 78 | Val: 8 | Test: 6
  Test subjects: ['SC4141', 'SC4251', 'SC4252', 'SC4522', 'SC4711', 'SC4712']
============================================================
  Loading 78 train subjects...
    Train epochs: 197,307
  Loading 8 val subjects...
    Val epochs: 8 subjects, 17,797 epochs
  Loading 6 test subjects...
    Test epochs: 13,428 across 6 subjects
    NOTE [test]: 9 epochs excluded — causal context spans a dropped epoch in 1 subjects (unscoreable under contiguous-context protocol)
  Train windows: 39,193 | Val scored epochs: 17,725 | Test scored epochs: 13,365
  Model parameters: 99,477

  Training for 20 epochs...
  Epoch  1/20 (78.0s): loss=0.8349 acc=0.754 | val_acc=0.880 val_F1=0.731 *best*
  Epoch  2/20 (77.1s): loss=0.5667 acc=0.844 | val_acc=0.900 val_F1=0.765 *best*
  Epoch  3/20 (81.0s): loss=0.5027 acc=0.861 | val_acc=0.894 val_F1=0.761
  Epoch  4/20 (78.2s): loss=0.4632 acc=0.870 | val_acc=0.898 val_F1=0.768 *best*
  Epoch  5/20 (79.2s): loss=0.4413 acc=0.874 | val_acc=0.909 val_F1=0.789 *best*
  Epoch  6/20 (77.6s): loss=0.4204 acc=0.882 | val_acc=0.905 val_F1=0.785
  Epoch  7/20 (80.4s): loss=0.4081 acc=0.884 | val_acc=0.911 val_F1=0.795 *best*
  Epoch  8/20 (82.6s): loss=0.3918 acc=0.889 | val_acc=0.906 val_F1=0.784
  Epoch  9/20 (77.7s): loss=0.3777 acc=0.891 | val_acc=0.909 val_F1=0.792
  Epoch 10/20 (81.6s): loss=0.3654 acc=0.895 | val_acc=0.900 val_F1=0.777
  Epoch 11/20 (78.6s): loss=0.3570 acc=0.897 | val_acc=0.899 val_F1=0.773
  Epoch 12/20 (78.5s): loss=0.3451 acc=0.899 | val_acc=0.907 val_F1=0.787
  Early stopping at epoch 12

  TEST RESULTS (Fold 10) — causal unique-epoch protocol:
    Scored epochs: 13,365 (6 subjects)
    Accuracy:  0.7780
    Kappa:     0.4190
    Macro F1:  0.5170
    Weighted F1: 0.7403
    MGm:       0.4079
    Wake : P=0.825 R=0.983 F1=0.897 (n=9543)
    N1   : P=0.247 R=0.472 F1=0.324 (n=621)
    N2   : P=0.879 R=0.169 F1=0.284 (n=2190)
    N3   : P=0.920 R=0.458 F1=0.612 (n=275)
    REM  : P=0.920 R=0.314 F1=0.468 (n=736)

  Fold 10 completed in 1097.8s

======================================================================
  FINAL RESULTS — Seed 42
======================================================================
  Folds completed: 10/10
  Accuracy:     0.8755 ± 0.0390
  Kappa:        0.7451 ± 0.1140
  Macro F1:     0.7282 ± 0.0809
  Weighted F1:  0.8827 ± 0.0513
  MGm:          0.7768 ± 0.1269

  Per-class F1 (unique-epoch protocol):
    Wake : 0.9621 ± 0.0228
    N1   : 0.4556 ± 0.0727
    N2   : 0.7350 ± 0.1619
    N3   : 0.6996 ± 0.1008
    REM  : 0.7887 ± 0.1132

  Results saved to results/benchmark_person_level/summary_seed42.json
